// Jest Snapshot v1, https://goo.gl/fbAQLP

exports[`the Flow component styling containing rows 1`] = `
.cGFMBv {
  display: -webkit-box;
  display: -webkit-flex;
  display: -ms-flexbox;
  display: flex;
  -webkit-flex-direction: row;
  -ms-flex-direction: row;
  flex-direction: row;
  -webkit-flex-wrap: wrap;
  -ms-flex-wrap: wrap;
  flex-wrap: wrap;
  -webkit-box-pack: space-between;
  -webkit-justify-content: space-between;
  -ms-flex-pack: space-between;
  justify-content: space-between;
}

.cGFMBv > .FlowRowStyles-duyuMs {
  -webkit-flex-basis: 100%;
  -ms-flex-basis: 100%;
  flex-basis: 100%;
  -webkit-flex-shrink: 0;
  -ms-flex-shrink: 0;
  flex-shrink: 0;
}

.cGFMBv > .FlowItemContainer-inwfIX {
  -webkit-flex-basis: calc(50% - 30px / 2);
  -ms-flex-basis: calc(50% - 30px / 2);
  flex-basis: calc(50% - 30px / 2);
  -webkit-flex-grow: 0;
  -ms-flex-grow: 0;
  flex-grow: 0;
  -webkit-flex-shrink: 0;
  -ms-flex-shrink: 0;
  flex-shrink: 0;
}

.cGFMBv > .FlowRowStyles-duyuMs,
.cGFMBv > .FlowItemContainer-inwfIX {
  margin-top: calc(28px / 2);
  margin-bottom: calc(28px / 2);
}

.cGFMBv > .FlowRowStyles-duyuMs:first-child,
.cGFMBv > .FlowItemContainer-inwfIX:first-child {
  margin-top: 0;
}

.cGFMBv > .FlowRowStyles-duyuMs:last-child,
.cGFMBv > .FlowItemContainer-inwfIX:last-child {
  margin-bottom: 0;
}

.ibmJYt {
  -webkit-box-pack: space-between;
  -webkit-justify-content: space-between;
  -ms-flex-pack: space-between;
  justify-content: space-between;
}

.ibmJYt > .FlowItemContainer-inwfIX,
.ibmJYt > .FlowRowStyles__BaseStyles-bMPHYI {
  -webkit-flex-grow: 1;
  -ms-flex-grow: 1;
  flex-grow: 1;
  -webkit-flex-shrink: 0;
  -ms-flex-shrink: 0;
  flex-shrink: 0;
  margin-left: 15px;
  margin-right: 15px;
  -webkit-flex-basis: 0;
  -ms-flex-basis: 0;
  flex-basis: 0;
}

.ibmJYt > .FlowItemContainer-inwfIX:first-child,
.ibmJYt > .FlowRowStyles__BaseStyles-bMPHYI:first-child {
  margin-left: 0;
}

.ibmJYt > .FlowItemContainer-inwfIX:last-child,
.ibmJYt > .FlowRowStyles__BaseStyles-bMPHYI:last-child {
  margin-right: 0;
}

.ibmJYt .FlowItem-label {
  display: none;
}

.blOfLL {
  display: -webkit-box;
  display: -webkit-flex;
  display: -ms-flexbox;
  display: flex;
  -webkit-flex-direction: row;
  -ms-flex-direction: row;
  flex-direction: row;
}

.iEbfDR {
  display: -webkit-box;
  display: -webkit-flex;
  display: -ms-flexbox;
  display: flex;
  -webkit-flex-direction: column;
  -ms-flex-direction: column;
  flex-direction: column;
  font-size: 1em;
  -webkit-align-items: stretch;
  -webkit-box-align: stretch;
  -ms-flex-align: stretch;
  align-items: stretch;
}

.iEbfDR > .FlowItem-label {
  height: 21px;
  margin: 0 0 5.6px 0;
  overflow-x: hidden;
  -webkit-flex-basis: 21px;
  -ms-flex-basis: 21px;
  flex-basis: 21px;
  -webkit-flex-grow: 0;
  -ms-flex-grow: 0;
  flex-grow: 0;
  -webkit-flex-shrink: 0;
  -ms-flex-shrink: 0;
  flex-shrink: 0;
  padding: 0;
}

.iEbfDR > .FlowItemContent-hJlKhy {
  height: 53px;
  -webkit-flex-grow: 0;
  -ms-flex-grow: 0;
  flex-grow: 0;
  -webkit-flex-shrink: 0;
  -ms-flex-shrink: 0;
  flex-shrink: 0;
  display: -webkit-box;
  display: -webkit-flex;
  display: -ms-flexbox;
  display: flex;
}

.iEbfDR > .FlowItemContent-hJlKhy > * {
  margin: auto;
}

.iEbfDR > .FlowItemContent-hJlKhy > *:not(:last-child):not(:only-child) {
  margin-right: ;
}

.iEbfDR > .FlowItemFlexibleContent-drAddD {
  height: auto;
  -webkit-flex-basis: 53px;
  -ms-flex-basis: 53px;
  flex-basis: 53px;
  -webkit-flex-grow: 1;
  -ms-flex-grow: 1;
  flex-grow: 1;
  -webkit-flex-shrink: 0;
  -ms-flex-shrink: 0;
  flex-shrink: 0;
}

.iEbfDR > .FlowItem-helpText {
  min-height: 18px;
  margin: 5.6px 0 0 0;
  -webkit-flex-basis: 18px;
  -ms-flex-basis: 18px;
  flex-basis: 18px;
  -webkit-flex-grow: 1;
  -ms-flex-grow: 1;
  flex-grow: 1;
  -webkit-flex-shrink: 0;
  -ms-flex-shrink: 0;
  flex-shrink: 0;
  padding: 0;
}

.iEbfDR > .FlowItemMoreContent-eLBclL {
  -webkit-flex: 1 0 0;
  -ms-flex: 1 0 0;
  flex: 1 0 0;
}

.crMBmz {
  font-size: 1em;
  -webkit-letter-spacing: 0.02em;
  -moz-letter-spacing: 0.02em;
  -ms-letter-spacing: 0.02em;
  letter-spacing: 0.02em;
  font-weight: 600;
  font-family: "Overpass",Raleway,"Open Sans",arial,sans-serif;
  color: #666;
  background: transparent;
  line-height: 1.5;
  display: block;
}

.crMBmz:disabled {
  opacity: 0.5;
}

<Flow
  __styled-components__={[Function]}
>
  <div
    className="Flow-eCXGpz cGFMBv"
  >
    <FlowRow
      Styles={[Function]}
      alignment="stretch"
      sizes={Array []}
    >
      <FlowRowStyles
        alignment="stretch"
        sizes={Array []}
        suppressLabels={true}
      >
        <FlowRowStyles__BaseStyles
          alignment="stretch"
          className="FlowRowStyles-duyuMs ibmJYt"
          sizes={Array []}
          suppressLabels={true}
        >
          <div
            className="FlowRowStyles-duyuMs ibmJYt FlowRowStyles__BaseStyles-bMPHYI blOfLL"
            sizes={Array []}
          >
            <FlowItem
              Container={[Function]}
              Content={[Function]}
              FlexibleContent={[Function]}
              HelpText={[Function]}
              Label={[Function]}
              MoreContent={[Function]}
              alignment="stretch"
              className={null}
              error={false}
              flexibleContent={false}
              helpText={null}
              id={null}
              label={null}
              moreContent={null}
            >
              <FlowItemContainer
                alignment="stretch"
                className={null}
                id={null}
              >
                <div
                  className="FlowItemContainer-inwfIX iEbfDR"
                  id={null}
                >
                  <Label
                    className="FlowItem-label"
                    disabled={false}
                    id={null}
                  >
                    <label
                      className="FlowItem-label Label-ghyrbC crMBmz"
                      disabled={false}
                      id={null}
                    />
                  </Label>
                  <FlowItemContent>
                    <div
                      className="FlowItemContent-hJlKhy bduvXg"
                    />
                  </FlowItemContent>
                </div>
              </FlowItemContainer>
            </FlowItem>
            <FlowItem
              Container={[Function]}
              Content={[Function]}
              FlexibleContent={[Function]}
              HelpText={[Function]}
              Label={[Function]}
              MoreContent={[Function]}
              alignment="stretch"
              className={null}
              error={false}
              flexibleContent={false}
              helpText={null}
              id={null}
              label={null}
              moreContent={null}
            >
              <FlowItemContainer
                alignment="stretch"
                className={null}
                id={null}
              >
                <div
                  className="FlowItemContainer-inwfIX iEbfDR"
                  id={null}
                >
                  <Label
                    className="FlowItem-label"
                    disabled={false}
                    id={null}
                  >
                    <label
                      className="FlowItem-label Label-ghyrbC crMBmz"
                      disabled={false}
                      id={null}
                    />
                  </Label>
                  <FlowItemContent>
                    <div
                      className="FlowItemContent-hJlKhy bduvXg"
                    />
                  </FlowItemContent>
                </div>
              </FlowItemContainer>
            </FlowItem>
          </div>
        </FlowRowStyles__BaseStyles>
      </FlowRowStyles>
    </FlowRow>
    <FlowRow
      Styles={[Function]}
      alignment="stretch"
      sizes={Array []}
    >
      <FlowRowStyles
        alignment="stretch"
        sizes={Array []}
        suppressLabels={true}
      >
        <FlowRowStyles__BaseStyles
          alignment="stretch"
          className="FlowRowStyles-duyuMs ibmJYt"
          sizes={Array []}
          suppressLabels={true}
        >
          <div
            className="FlowRowStyles-duyuMs ibmJYt FlowRowStyles__BaseStyles-bMPHYI blOfLL"
            sizes={Array []}
          >
            <FlowItem
              Container={[Function]}
              Content={[Function]}
              FlexibleContent={[Function]}
              HelpText={[Function]}
              Label={[Function]}
              MoreContent={[Function]}
              alignment="stretch"
              className={null}
              error={false}
              flexibleContent={false}
              helpText={null}
              id={null}
              label={null}
              moreContent={null}
            >
              <FlowItemContainer
                alignment="stretch"
                className={null}
                id={null}
              >
                <div
                  className="FlowItemContainer-inwfIX iEbfDR"
                  id={null}
                >
                  <Label
                    className="FlowItem-label"
                    disabled={false}
                    id={null}
                  >
                    <label
                      className="FlowItem-label Label-ghyrbC crMBmz"
                      disabled={false}
                      id={null}
                    />
                  </Label>
                  <FlowItemContent>
                    <div
                      className="FlowItemContent-hJlKhy bduvXg"
                    />
                  </FlowItemContent>
                </div>
              </FlowItemContainer>
            </FlowItem>
            <FlowItem
              Container={[Function]}
              Content={[Function]}
              FlexibleContent={[Function]}
              HelpText={[Function]}
              Label={[Function]}
              MoreContent={[Function]}
              alignment="stretch"
              className={null}
              error={false}
              flexibleContent={false}
              helpText={null}
              id={null}
              label={null}
              moreContent={null}
            >
              <FlowItemContainer
                alignment="stretch"
                className={null}
                id={null}
              >
                <div
                  className="FlowItemContainer-inwfIX iEbfDR"
                  id={null}
                >
                  <Label
                    className="FlowItem-label"
                    disabled={false}
                    id={null}
                  >
                    <label
                      className="FlowItem-label Label-ghyrbC crMBmz"
                      disabled={false}
                      id={null}
                    />
                  </Label>
                  <FlowItemContent>
                    <div
                      className="FlowItemContent-hJlKhy bduvXg"
                    />
                  </FlowItemContent>
                </div>
              </FlowItemContainer>
            </FlowItem>
          </div>
        </FlowRowStyles__BaseStyles>
      </FlowRowStyles>
    </FlowRow>
  </div>
</Flow>
`;
